{
  "version": "1.5.0",
  "plugins_used": [
    {
      "name": "ArtifactoryDetector"
    },
    {
      "name": "AWSKeyDetector"
    },
    {
      "name": "AzureStorageKeyDetector"
    },
    {
      "name": "Base64HighEntropyString",
      "limit": 4.5
    },
    {
      "name": "BasicAuthDetector"
    },
    {
      "name": "CloudantDetector"
    },
    {
      "name": "DiscordBotTokenDetector"
    },
    {
      "name": "GitHubTokenDetector"
    },
    {
      "name": "GitLabTokenDetector"
    },
    {
      "name": "HexHighEntropyString",
      "limit": 3.0
    },
    {
      "name": "IbmCloudIamDetector"
    },
    {
      "name": "IbmCosHmacDetector"
    },
    {
      "name": "IPPublicDetector"
    },
    {
      "name": "JwtTokenDetector"
    },
    {
      "name": "KeywordDetector",
      "keyword_exclude": ""
    },
    {
      "name": "MailchimpDetector"
    },
    {
      "name": "NpmDetector"
    },
    {
      "name": "OpenAIDetector"
    },
    {
      "name": "PrivateKeyDetector"
    },
    {
      "name": "PypiTokenDetector"
    },
    {
      "name": "SendGridDetector"
    },
    {
      "name": "SlackDetector"
    },
    {
      "name": "SoftlayerDetector"
    },
    {
      "name": "SquareOAuthDetector"
    },
    {
      "name": "StripeDetector"
    },
    {
      "name": "TelegramBotTokenDetector"
    },
    {
      "name": "TwilioKeyDetector"
    }
  ],
  "filters_used": [
    {
      "path": "detect_secrets.filters.allowlist.is_line_allowlisted"
    },
    {
      "path": "detect_secrets.filters.common.is_ignored_due_to_verification_policies",
      "min_level": 2
    },
    {
      "path": "detect_secrets.filters.heuristic.is_indirect_reference"
    },
    {
      "path": "detect_secrets.filters.heuristic.is_likely_id_string"
    },
    {
      "path": "detect_secrets.filters.heuristic.is_lock_file"
    },
    {
      "path": "detect_secrets.filters.heuristic.is_not_alphanumeric_string"
    },
    {
      "path": "detect_secrets.filters.heuristic.is_potential_uuid"
    },
    {
      "path": "detect_secrets.filters.heuristic.is_prefixed_with_dollar_sign"
    },
    {
      "path": "detect_secrets.filters.heuristic.is_sequential_string"
    },
    {
      "path": "detect_secrets.filters.heuristic.is_swagger_file"
    },
    {
      "path": "detect_secrets.filters.heuristic.is_templated_secret"
    },
    {
      "path": "detect_secrets.filters.regex.should_exclude_file",
      "pattern": [
        "bench/results/.*|bench/findings\\.csv|\\.history/.*"
      ]
    }
  ],
  "results": {
    "bench\\corpus.yaml": [
      {
        "type": "Hex High Entropy String",
        "filename": "bench\\corpus.yaml",
        "hashed_secret": "55f96f5fae0142f2ecfc4f3032f04b73268692f7",
        "is_verified": false,
        "line_number": 22
      },
      {
        "type": "Hex High Entropy String",
        "filename": "bench\\corpus.yaml",
        "hashed_secret": "996221d63372e6d8748e9406764b3ad789e0ced6",
        "is_verified": false,
        "line_number": 30
      },
      {
        "type": "Hex High Entropy String",
        "filename": "bench\\corpus.yaml",
        "hashed_secret": "ea2c8ea35e902a8cddee5ce70e90e45c264d8008",
        "is_verified": false,
        "line_number": 38
      },
      {
        "type": "Hex High Entropy String",
        "filename": "bench\\corpus.yaml",
        "hashed_secret": "1e2e88dd2b2b8df070335b199b3d4ccc464da0f0",
        "is_verified": false,
        "line_number": 46
      },
      {
        "type": "Hex High Entropy String",
        "filename": "bench\\corpus.yaml",
        "hashed_secret": "1c346430df4edfcfccd08a9dec629f619d917bcd",
        "is_verified": false,
        "line_number": 54
      },
      {
        "type": "Hex High Entropy String",
        "filename": "bench\\corpus.yaml",
        "hashed_secret": "22887369d5f3fc516bc2072ecfa5620124f32e07",
        "is_verified": false,
        "line_number": 62
      },
      {
        "type": "Hex High Entropy String",
        "filename": "bench\\corpus.yaml",
        "hashed_secret": "0b7d33bde80aa54712f7e982d5e4c167a54e5bca",
        "is_verified": false,
        "line_number": 70
      },
      {
        "type": "Hex High Entropy String",
        "filename": "bench\\corpus.yaml",
        "hashed_secret": "91901cf06c0a583d57a7d0e6d693742fc96f7760",
        "is_verified": false,
        "line_number": 78
      },
      {
        "type": "Hex High Entropy String",
        "filename": "bench\\corpus.yaml",
        "hashed_secret": "72afb1903401157f522e06a70ffe09bdfb646621",
        "is_verified": false,
        "line_number": 86
      },
      {
        "type": "Hex High Entropy String",
        "filename": "bench\\corpus.yaml",
        "hashed_secret": "06725e4d40b091209d9b6c3f89692179c26ffb2e",
        "is_verified": false,
        "line_number": 94
      },
      {
        "type": "Hex High Entropy String",
        "filename": "bench\\corpus.yaml",
        "hashed_secret": "e6202627f2ccf1013ede339d3e1ed01affdcaf6d",
        "is_verified": false,
        "line_number": 102
      },
      {
        "type": "Hex High Entropy String",
        "filename": "bench\\corpus.yaml",
        "hashed_secret": "8872495101906734baa392c9b2f728c7661f55de",
        "is_verified": false,
        "line_number": 110
      },
      {
        "type": "Hex High Entropy String",
        "filename": "bench\\corpus.yaml",
        "hashed_secret": "fbf0325abfc90ee5d25a7746ff37a70696d6a04b",
        "is_verified": false,
        "line_number": 118
      },
      {
        "type": "Hex High Entropy String",
        "filename": "bench\\corpus.yaml",
        "hashed_secret": "bbaf06bcbbcdd736508515e30f8243db54f93828",
        "is_verified": false,
        "line_number": 126
      },
      {
        "type": "Hex High Entropy String",
        "filename": "bench\\corpus.yaml",
        "hashed_secret": "75e24b72366c8a596c20652578bd920918c11d3f",
        "is_verified": false,
        "line_number": 134
      },
      {
        "type": "Hex High Entropy String",
        "filename": "bench\\corpus.yaml",
        "hashed_secret": "e8b2bd5f0253cb43e96f430aacb58bd234801774",
        "is_verified": false,
        "line_number": 142
      },
      {
        "type": "Hex High Entropy String",
        "filename": "bench\\corpus.yaml",
        "hashed_secret": "57f7b0c447dee0ac1fb62b43f55424f1d1a6448c",
        "is_verified": false,
        "line_number": 150
      },
      {
        "type": "Hex High Entropy String",
        "filename": "bench\\corpus.yaml",
        "hashed_secret": "d2a1ad7f7af7daaf0a0768594682d5535121535c",
        "is_verified": false,
        "line_number": 158
      },
      {
        "type": "Hex High Entropy String",
        "filename": "bench\\corpus.yaml",
        "hashed_secret": "533a4cbd0023bb70ba44140ba79b3d8b93bce027",
        "is_verified": false,
        "line_number": 166
      },
      {
        "type": "Hex High Entropy String",
        "filename": "bench\\corpus.yaml",
        "hashed_secret": "68f49a52f6d34ea99400332ffdc01ac2ebfe046a",
        "is_verified": false,
        "line_number": 174
      }
    ],
    "src\\aisg\\modules\\analysis\\data_flow_analyzer.py": [
      {
        "type": "Secret Keyword",
        "filename": "src\\aisg\\modules\\analysis\\data_flow_analyzer.py",
        "hashed_secret": "e5e9fa1ba31ecd1ae84f75caaa474f3a663f05f4",
        "is_verified": false,
        "line_number": 53
      },
      {
        "type": "Secret Keyword",
        "filename": "src\\aisg\\modules\\analysis\\data_flow_analyzer.py",
        "hashed_secret": "665b1e3851eefefa3fb878654292f16597d25155",
        "is_verified": false,
        "line_number": 74
      },
      {
        "type": "Secret Keyword",
        "filename": "src\\aisg\\modules\\analysis\\data_flow_analyzer.py",
        "hashed_secret": "5baa61e4c9b93f3f0682250b6cf8331b7ee68fd8",
        "is_verified": false,
        "line_number": 75
      },
      {
        "type": "Secret Keyword",
        "filename": "src\\aisg\\modules\\analysis\\data_flow_analyzer.py",
        "hashed_secret": "26eae588d0859648be8edcf9cd2cf19bbdfacd43",
        "is_verified": false,
        "line_number": 77
      }
    ],
    "src\\aisg\\probes\\pii_echo.yaml": [
      {
        "type": "Hex High Entropy String",
        "filename": "src\\aisg\\probes\\pii_echo.yaml",
        "hashed_secret": "2b8b06aca04dc17c803c863fb8579b8a60df3849",
        "is_verified": false,
        "line_number": 85
      }
    ],
    "tests\\fixtures\\noncompliant_sample.py": [
      {
        "type": "Base64 High Entropy String",
        "filename": "tests\\fixtures\\noncompliant_sample.py",
        "hashed_secret": "14c982293689a6cf99362bccbd85114df5efa719",
        "is_verified": false,
        "line_number": 14
      },
      {
        "type": "Secret Keyword",
        "filename": "tests\\fixtures\\noncompliant_sample.py",
        "hashed_secret": "14c982293689a6cf99362bccbd85114df5efa719",
        "is_verified": false,
        "line_number": 14
      }
    ],
    "tests\\unit\\test_judges.py": [
      {
        "type": "Secret Keyword",
        "filename": "tests\\unit\\test_judges.py",
        "hashed_secret": "d5bc5015ba84dfab1587b306a027052c3d44e2e0",
        "is_verified": false,
        "line_number": 485
      },
      {
        "type": "Secret Keyword",
        "filename": "tests\\unit\\test_judges.py",
        "hashed_secret": "0b8d37ac0768fc1fc701b0c5e8d2af6d3cb3856b",
        "is_verified": false,
        "line_number": 490
      },
      {
        "type": "Secret Keyword",
        "filename": "tests\\unit\\test_judges.py",
        "hashed_secret": "404bd906aa687b0616c881ddbd92ffee4cfba91a",
        "is_verified": false,
        "line_number": 712
      },
      {
        "type": "Secret Keyword",
        "filename": "tests\\unit\\test_judges.py",
        "hashed_secret": "5efd9c78161dbdc37aecdfecbe469d2d9975d9db",
        "is_verified": false,
        "line_number": 717
      },
      {
        "type": "Secret Keyword",
        "filename": "tests\\unit\\test_judges.py",
        "hashed_secret": "6cb2401d75d14b2ecfa5abc50200e5ee00ea22db",
        "is_verified": false,
        "line_number": 1016
      },
      {
        "type": "Secret Keyword",
        "filename": "tests\\unit\\test_judges.py",
        "hashed_secret": "ff7abfb23e09d1ffb55d341e4aad06a746e91380",
        "is_verified": false,
        "line_number": 1021
      }
    ],
    "tests\\unit\\test_settings.py": [
      {
        "type": "Secret Keyword",
        "filename": "tests\\unit\\test_settings.py",
        "hashed_secret": "2105b17f96091dfaaf20329734a2ce8bff736398",
        "is_verified": false,
        "line_number": 128
      },
      {
        "type": "Secret Keyword",
        "filename": "tests\\unit\\test_settings.py",
        "hashed_secret": "fd9a45bc0b07706d849cf85021ecf9123fa83d82",
        "is_verified": false,
        "line_number": 129
      },
      {
        "type": "Secret Keyword",
        "filename": "tests\\unit\\test_settings.py",
        "hashed_secret": "c0fb3803a2d05cc4cd34a723063cc8da51df857b",
        "is_verified": false,
        "line_number": 178
      },
      {
        "type": "Secret Keyword",
        "filename": "tests\\unit\\test_settings.py",
        "hashed_secret": "cfc63afbff738343e13bffa50c69411d379f6b34",
        "is_verified": false,
        "line_number": 183
      },
      {
        "type": "Secret Keyword",
        "filename": "tests\\unit\\test_settings.py",
        "hashed_secret": "b1da6b9147d30990142388f58fa72e5e1094de39",
        "is_verified": false,
        "line_number": 193
      },
      {
        "type": "Secret Keyword",
        "filename": "tests\\unit\\test_settings.py",
        "hashed_secret": "31c88a9337810d96ac9f0fad3d025e446074172c",
        "is_verified": false,
        "line_number": 198
      },
      {
        "type": "Secret Keyword",
        "filename": "tests\\unit\\test_settings.py",
        "hashed_secret": "d27ffc126f9510f9d0fe3c0e187f93efe3430662",
        "is_verified": false,
        "line_number": 203
      },
      {
        "type": "Secret Keyword",
        "filename": "tests\\unit\\test_settings.py",
        "hashed_secret": "845fa28a5bf5d82cfa91a00ef9cf6cca8aef00db",
        "is_verified": false,
        "line_number": 208
      },
      {
        "type": "Secret Keyword",
        "filename": "tests\\unit\\test_settings.py",
        "hashed_secret": "fb4c0ca129505984409330df8490269a749288bf",
        "is_verified": false,
        "line_number": 314
      },
      {
        "type": "Secret Keyword",
        "filename": "tests\\unit\\test_settings.py",
        "hashed_secret": "d86f871dd9bc5d01efda77265fa5e8d4fdc63352",
        "is_verified": false,
        "line_number": 318
      },
      {
        "type": "Secret Keyword",
        "filename": "tests\\unit\\test_settings.py",
        "hashed_secret": "9170fd3685ae8f9c2f6f911fd0cc69ab7cfcb1a7",
        "is_verified": false,
        "line_number": 322
      },
      {
        "type": "Secret Keyword",
        "filename": "tests\\unit\\test_settings.py",
        "hashed_secret": "aee452cb698a81eeb230095203d86662b87be38e",
        "is_verified": false,
        "line_number": 404
      },
      {
        "type": "Base64 High Entropy String",
        "filename": "tests\\unit\\test_settings.py",
        "hashed_secret": "0c226fa48ceb108313a032cc4ad4ac4c9a686bac",
        "is_verified": false,
        "line_number": 414
      },
      {
        "type": "Secret Keyword",
        "filename": "tests\\unit\\test_settings.py",
        "hashed_secret": "2adbc01d75d19df0f104a16e947a2361cd4bc9f5",
        "is_verified": false,
        "line_number": 420
      },
      {
        "type": "Secret Keyword",
        "filename": "tests\\unit\\test_settings.py",
        "hashed_secret": "ffab00735c3a8be5a6e0dfad69a897503dcafb94",
        "is_verified": false,
        "line_number": 421
      },
      {
        "type": "Secret Keyword",
        "filename": "tests\\unit\\test_settings.py",
        "hashed_secret": "3515611eeeee42a936ae8bb1a0d3bad43e07c91c",
        "is_verified": false,
        "line_number": 445
      }
    ]
  },
  "generated_at": "2026-09-01T13:26:35Z"
}
